                                                                                                          
┌───────────────────────┬────────────────────────────────────────────────────────────────────────────────┐
│  0.2.0                │ (dir: src/ui)                                                                  │
│  ↑↑                   │                                                                                │
│  0.1.0                │ >  ba1ec83                                                                     │
│                       │   fix: search options were not being correctly converted into elastic search   │
│ Patches               │   filters (#63)                                                                │
│                       │                                                                                │
│ - src/ui/go.mod       │ >  4e7a277                                                                     │
│ - src/ui/dashboard.go │   chore(deps): bump docker/setup-qemu-action from 2 to 3 (#62)                 │
│                       │                                                                                │
│                       │   Signed-off-by: dependabot[bot] <support@github.com>                          │
│                       │    Co-authored-by: dependabot[bot]                                             │
│                       │   <49699333+dependabot[bot]@users.noreply.github.com>                          │
│                       │                                                                                │
│                       │ ✓  2c9b178                                                                     │
│                       │   feat: add option toggles to the dashboard that allows dynamic queryies to    │
│                       │   elastic (#58)                                                                │
├───────────────────────┼────────────────────────────────────────────────────────────────────────────────┤
│  0.2.1                │ (dir: src/search)                                                              │
│  ↑↑                   │                                                                                │
│  0.2.0                │ ✓  6e6fcac                                                                     │
│                       │   feat: add redis caching support (#55)                                        │
│ Patches               │                                                                                │
│                       │ >  869fd31                                                                     │
│ - src/search/cache.go │   feat(deps): bump github.com/charmbracelet/lipgloss from 0.7.1 to 0.8.0 (#56) │
│ - src/search/go.mod   │                                                                                │
│                       │   Signed-off-by: dependabot[bot] <support@github.com>                          │
│                       │   Co-authored-by: dependabot[bot]                                              │
│                       │   <49699333+dependabot[bot]@users.noreply.github.com>                          │
└───────────────────────┴────────────────────────────────────────────────────────────────────────────────┘