                                                                                               
┌───────────────┬─────────────────────────────────────────────────────────────────────────────┐
│  0.2.0        │ (dir: src/ui)                                                               │
│  ↑↑           │                                                                             │
│  0.1.0        │ ✓  2c9b178                                                                  │
│               │   feat: add option toggles to the dashboard that allows dynamic queryies to │
│               │   elastic (#58)                                                             │
├───────────────┼─────────────────────────────────────────────────────────────────────────────┤
│  0.2.1        │ (dir: src/search)                                                           │
│  ↑↑           │                                                                             │
│  0.2.0        │ ✓  6e6fcac                                                                  │
│               │   feat: add redis caching support (#55)                                     │
└───────────────┴─────────────────────────────────────────────────────────────────────────────┘